---
source: tests/tui_snapshots.rs
assertion_line: 112
expression: "render_model(&mut model, 70, 22)"
---
┌Prompts (PROMPTS.md)  [Tab switch] [Ctrl+S save to markdown] [Ctrl+R┐
│|## Prompt 1                                                       ▲│
│What is Elasticsearch?                                             █│
│                                                                   ║│
│## Promp┌Create agent──────────────────────────────────────┐       ▼│
└────────│ Prompt  |  Tools (4)                             │────────┘
         │┌Name────────────────────────────────────────────┐│
┌Agents  ││My agent▍                                       ││ [e edit┐
│Research│└────────────────────────────────────────────────┘│       ▲│
│Finds th│┌Description (optional)──────────────────────────┐│       █│
│Writer  ││Desc                                            ││       █│
│        │└────────────────────────────────────────────────┘│       █│
│        │┌Instructions / prompt───────────────────────────┐│       █│
│        │└────────────────────────────────────────────────┘│       ║│
│        │┌────────────────────────────────────────────────┐│       ▼│
└────────││[←/→] switch tab  [Tab] next field  [Enter]     ││────────┘
         │└────────────────────────────────────────────────┘│
┌Conversa└──────────────────────────────────────────────────┘Ctrl+S s┐
│ │Hi!│                                                             ▲│
│ └───┘                                                             █│
│                                                                   ▼│
└────────────────────────────────────────────────────────────────────┘

